mode: set
github.com/microlib/logger/pkg/multi/logger.go:27.44,29.14 2 1
github.com/microlib/logger/pkg/multi/logger.go:58.2,58.42 1 1
github.com/microlib/logger/pkg/multi/logger.go:30.15,38.8 2 1
github.com/microlib/logger/pkg/multi/logger.go:39.14,47.8 2 1
github.com/microlib/logger/pkg/multi/logger.go:48.15,56.8 2 1
github.com/microlib/logger/pkg/multi/logger.go:66.44,67.52 1 1
github.com/microlib/logger/pkg/multi/logger.go:67.52,69.3 1 1
github.com/microlib/logger/pkg/multi/logger.go:72.44,74.2 1 1
github.com/microlib/logger/pkg/multi/logger.go:76.43,77.100 1 0
github.com/microlib/logger/pkg/multi/logger.go:77.100,79.3 1 0
github.com/microlib/logger/pkg/multi/logger.go:82.44,83.27 1 1
github.com/microlib/logger/pkg/multi/logger.go:83.27,85.3 1 1
github.com/microlib/logger/pkg/multi/logger.go:88.43,89.76 1 1
github.com/microlib/logger/pkg/multi/logger.go:89.76,91.3 1 1
github.com/microlib/logger/pkg/multi/logger.go:94.61,96.2 1 1
github.com/microlib/logger/pkg/multi/logger.go:98.61,100.2 1 1
github.com/microlib/logger/pkg/multi/logger.go:102.60,104.2 1 0
github.com/microlib/logger/pkg/multi/logger.go:106.61,108.2 1 1
github.com/microlib/logger/pkg/multi/logger.go:110.60,112.2 1 1
